10:46:06 **** Incremental Build of configuration Debug for project XayDungThuVien_GPIO_Nhom3 ****
make -j12 all 
arm-none-eabi-gcc "../Src/main.c" -mcpu=cortex-m4 -std=gnu11 -g3 -DDEBUG -DNUCLEO_F401RE -DSTM32 -DSTM32F401RETx -DSTM32F4 -c -I../Inc -I"D:/SDK_1.0.3_NUCLEO-F401RE/shared/Drivers/CMSIS/Include" -I"D:/SDK_1.0.3_NUCLEO-F401RE/shared/Drivers/STM32F401RE_StdPeriph_Driver/inc" -I"D:/SDK_1.0.3_NUCLEO-F401RE/shared/Utilities" -O0 -ffunction-sections -fdata-sections -Wall -fstack-usage -fcyclomatic-complexity -MMD -MP -MF"Src/main.d" -MT"Src/main.o" --specs=nano.specs -mfpu=fpv4-sp-d16 -mfloat-abi=hard -mthumb -o "Src/main.o"
arm-none-eabi-gcc -o "XayDungThuVien_GPIO_Nhom3.elf" @"objects.list"  -lLibraries -mcpu=cortex-m4 -T"D:\Day2_Nhom3\XayDungThuVien_GPIO_Nhom3\STM32F401RETX_FLASH.ld" --specs=nosys.specs -Wl,-Map="XayDungThuVien_GPIO_Nhom3.map" -Wl,--gc-sections -static -L"D:\SDK_1.0.3_NUCLEO-F401RE\lib_stm" --specs=nano.specs -mfpu=fpv4-sp-d16 -mfloat-abi=hard -mthumb -Wl,--start-group -lc -lm -Wl,--end-group
Finished building target: XayDungThuVien_GPIO_Nhom3.elf
 
arm-none-eabi-size  XayDungThuVien_GPIO_Nhom3.elf 
arm-none-eabi-objdump -h -S XayDungThuVien_GPIO_Nhom3.elf  > "XayDungThuVien_GPIO_Nhom3.list"
   text	   data	    bss	    dec	    hex	filename
   1648	      0	   1568	   3216	    c90	XayDungThuVien_GPIO_Nhom3.elf
Finished building: default.size.stdout
 
Finished building: XayDungThuVien_GPIO_Nhom3.list
 

10:46:06 Build Finished. 0 errors, 0 warnings. (took 501ms)

